============================================================
AGENT LOGIC DRIFT ANALYSIS REPORT
============================================================
Total traces analyzed: 8
Workflows analyzed: 1
Overall drift detected: YES

WORKFLOW DISTRIBUTION:
  unknown: 8 traces

DRIFT ANALYSIS RESULTS:

Workflow: unknown
  Drift detected: YES
  Drift score: 1.000
  P-value: 0.029
  Analysis: KS test statistic: 1.000, p-value: 0.029 - DRIFT DETECTED
============================================================
Report generated by Agent Logic Drift Analyzer
============================================================